26-05-15.17:02:33.506 [main            ] INFO  StrategyAwardTest      - Starting StrategyAwardTest using Java 17.0.14 on PC-20230922CJSZ with PID 19928 (started by Administrator in C:\Users\Administrator\Desktop\big-market\big-market-app)
26-05-15.17:02:33.507 [main            ] INFO  StrategyAwardTest      - The following 1 profile is active: "dev"
26-05-15.17:02:34.310 [main            ] INFO  RepositoryConfigurationDelegate - Multiple Spring Data modules found, entering strict repository configuration mode
26-05-15.17:02:34.312 [main            ] INFO  RepositoryConfigurationDelegate - Bootstrapping Spring Data Redis repositories in DEFAULT mode.
26-05-15.17:02:34.340 [main            ] INFO  RepositoryConfigurationDelegate - Finished Spring Data repository scanning in 15 ms. Found 0 Redis repository interfaces.
26-05-15.17:02:35.099 [main            ] INFO  Version                - Redisson 3.23.4
26-05-15.17:02:35.562 [redisson-netty-2-4] INFO  MasterPubSubConnectionPool - 1 connections initialized for 117.72.154.166/117.72.154.166:16379
26-05-15.17:02:35.776 [redisson-netty-2-13] INFO  MasterConnectionPool   - 5 connections initialized for 117.72.154.166/117.72.154.166:16379
26-05-15.17:02:39.708 [main            ] INFO  EndpointLinksResolver  - Exposing 1 endpoint(s) beneath base path '/actuator'
26-05-15.17:02:39.797 [main            ] INFO  StrategyAwardTest      - Started StrategyAwardTest in 6.703 seconds (JVM running for 7.535)
26-05-15.17:02:40.002 [scheduling-1    ] INFO  UpdateAwardStockJob    - 定时任务，更新奖品消耗库存【延迟队列获取，降低对数据库的更新频次，不要产生竞争】
26-05-15.17:02:40.943 [main            ] INFO  HikariDataSource       - HikariPool-1 - Starting...
26-05-15.17:02:41.381 [main            ] INFO  HikariDataSource       - HikariPool-1 - Start completed.
26-05-15.17:02:41.751 [main            ] INFO  StrategyAwardTest      - 测试结果：true
26-05-15.17:02:41.932 [main            ] INFO  StrategyAwardTest      - 测试结果：true
26-05-15.17:02:41.937 [main            ] INFO  AbstractRaffleStrategy - 执行------------抽奖strategyId:100006,userId:xiaofuge
26-05-15.17:02:41.965 [main            ] INFO  DefaultLogicChain      - 抽奖责任链——默认抽奖模式userId:xiaofuge,strategyId:100006,ruleModel:rule_default
26-05-15.17:02:42.027 [main            ] INFO  AbstractRaffleStrategy - 抽奖策略计算-责任链xiaofuge100006102rule_default
26-05-15.17:02:42.086 [main            ] INFO  DecisionTreeEngine     - 决策树引擎:规则树,treeNode:tree_lock,code:0000
26-05-15.17:02:42.088 [main            ] INFO  RuleStockLogicTreeNode - 规则过滤-库存扣减 userId:xiaofuge strategyId:100006 awardId:102
26-05-15.17:02:42.242 [main            ] INFO  DecisionTreeEngine     - 决策树引擎:规则树,treeNode:tree_lock,code:0001
26-05-15.17:02:42.242 [main            ] INFO  DecisionTreeEngine     - 决策树引擎:规则树,treeNode:tree_lock,code:0001
26-05-15.17:02:42.243 [main            ] INFO  AbstractRaffleStrategy - 抽奖策略计算-规则树 xiaofuge 100006 101 1,100
26-05-15.17:02:42.346 [main            ] INFO  StrategyAwardTest      - 请求参数：{"strategyId":100006,"userId":"xiaofuge"}
26-05-15.17:02:42.349 [main            ] INFO  StrategyAwardTest      - 测试结果：{"awardId":101}
26-05-15.17:02:42.349 [main            ] INFO  AbstractRaffleStrategy - 执行------------抽奖strategyId:100006,userId:xiaofuge
26-05-15.17:02:42.373 [main            ] INFO  DefaultLogicChain      - 抽奖责任链——默认抽奖模式userId:xiaofuge,strategyId:100006,ruleModel:rule_default
26-05-15.17:02:42.432 [main            ] INFO  AbstractRaffleStrategy - 抽奖策略计算-责任链xiaofuge100006102rule_default
26-05-15.17:02:42.459 [main            ] INFO  DecisionTreeEngine     - 决策树引擎:规则树,treeNode:tree_lock,code:0000
26-05-15.17:02:42.459 [main            ] INFO  RuleStockLogicTreeNode - 规则过滤-库存扣减 userId:xiaofuge strategyId:100006 awardId:102
26-05-15.17:02:42.537 [main            ] INFO  DecisionTreeEngine     - 决策树引擎:规则树,treeNode:tree_lock,code:0001
26-05-15.17:02:42.537 [main            ] INFO  DecisionTreeEngine     - 决策树引擎:规则树,treeNode:tree_lock,code:0001
26-05-15.17:02:42.537 [main            ] INFO  AbstractRaffleStrategy - 抽奖策略计算-规则树 xiaofuge 100006 101 1,100
26-05-15.17:02:42.537 [main            ] INFO  StrategyAwardTest      - 请求参数：{"strategyId":100006,"userId":"xiaofuge"}
26-05-15.17:02:42.538 [main            ] INFO  StrategyAwardTest      - 测试结果：{"awardId":101}
26-05-15.17:02:42.538 [main            ] INFO  AbstractRaffleStrategy - 执行------------抽奖strategyId:100006,userId:xiaofuge
26-05-15.17:02:42.564 [main            ] INFO  DefaultLogicChain      - 抽奖责任链——默认抽奖模式userId:xiaofuge,strategyId:100006,ruleModel:rule_default
26-05-15.17:02:42.615 [main            ] INFO  AbstractRaffleStrategy - 抽奖策略计算-责任链xiaofuge100006102rule_default
26-05-15.17:02:42.639 [main            ] INFO  DecisionTreeEngine     - 决策树引擎:规则树,treeNode:tree_lock,code:0000
26-05-15.17:02:42.639 [main            ] INFO  RuleStockLogicTreeNode - 规则过滤-库存扣减 userId:xiaofuge strategyId:100006 awardId:102
26-05-15.17:02:42.717 [main            ] INFO  DecisionTreeEngine     - 决策树引擎:规则树,treeNode:tree_lock,code:0001
26-05-15.17:02:42.717 [main            ] INFO  DecisionTreeEngine     - 决策树引擎:规则树,treeNode:tree_lock,code:0001
26-05-15.17:02:42.717 [main            ] INFO  AbstractRaffleStrategy - 抽奖策略计算-规则树 xiaofuge 100006 101 1,100
26-05-15.17:02:42.717 [main            ] INFO  StrategyAwardTest      - 请求参数：{"strategyId":100006,"userId":"xiaofuge"}
26-05-15.17:02:42.717 [main            ] INFO  StrategyAwardTest      - 测试结果：{"awardId":101}
26-05-15.17:02:45.014 [scheduling-1    ] INFO  UpdateAwardStockJob    - 定时任务，更新奖品消耗库存【延迟队列获取，降低对数据库的更新频次，不要产生竞争】
26-05-15.17:02:50.007 [scheduling-1    ] INFO  UpdateAwardStockJob    - 定时任务，更新奖品消耗库存【延迟队列获取，降低对数据库的更新频次，不要产生竞争】
26-05-15.17:02:55.015 [scheduling-1    ] INFO  UpdateAwardStockJob    - 定时任务，更新奖品消耗库存【延迟队列获取，降低对数据库的更新频次，不要产生竞争】
26-05-15.17:02:56.103 [SpringApplicationShutdownHook] INFO  HikariDataSource       - HikariPool-1 - Shutdown initiated...
26-05-15.17:02:56.112 [SpringApplicationShutdownHook] INFO  HikariDataSource       - HikariPool-1 - Shutdown completed.
