26-05-21.13:04:25.799 [main            ] INFO  StrategyAwardTest      - Starting StrategyAwardTest using Java 17.0.14 on PC-20230922CJSZ with PID 10820 (started by Administrator in C:\Users\Administrator\Desktop\big-market\big-market-app)
26-05-21.13:04:25.799 [main            ] INFO  StrategyAwardTest      - The following 1 profile is active: "dev"
26-05-21.13:04:27.963 [main            ] INFO  RepositoryConfigurationDelegate - Multiple Spring Data modules found, entering strict repository configuration mode
26-05-21.13:04:27.965 [main            ] INFO  RepositoryConfigurationDelegate - Bootstrapping Spring Data Redis repositories in DEFAULT mode.
26-05-21.13:04:28.056 [main            ] INFO  RepositoryConfigurationDelegate - Finished Spring Data repository scanning in 66 ms. Found 0 Redis repository interfaces.
26-05-21.13:04:29.872 [main            ] INFO  Version                - Redisson 3.23.4
26-05-21.13:04:30.603 [redisson-netty-2-4] INFO  MasterPubSubConnectionPool - 1 connections initialized for 117.72.154.166/117.72.154.166:16379
26-05-21.13:04:31.199 [redisson-netty-2-13] INFO  MasterConnectionPool   - 5 connections initialized for 117.72.154.166/117.72.154.166:16379
26-05-21.13:04:36.079 [main            ] INFO  EndpointLinksResolver  - Exposing 1 endpoint(s) beneath base path '/actuator'
26-05-21.13:04:36.164 [main            ] INFO  StrategyAwardTest      - Started StrategyAwardTest in 11.125 seconds (JVM running for 19.106)
26-05-21.13:04:37.997 [main            ] INFO  HikariDataSource       - HikariPool-1 - Starting...
26-05-21.13:04:38.422 [main            ] INFO  HikariDataSource       - HikariPool-1 - Start completed.
26-05-21.13:04:38.979 [main            ] INFO  StrategyAwardTest      - 测试结果：true
26-05-21.13:04:39.311 [main            ] INFO  StrategyAwardTest      - 测试结果：true
26-05-21.13:04:39.313 [main            ] INFO  AbstractRaffleStrategy - 执行------------抽奖strategyId:100006,userId:xiaofuge
26-05-21.13:04:39.372 [main            ] INFO  DefaultLogicChain      - 抽奖责任链——默认抽奖模式userId:xiaofuge,strategyId:100006,ruleModel:rule_default
26-05-21.13:04:39.465 [main            ] INFO  AbstractRaffleStrategy - 抽奖策略计算-责任链xiaofuge100006102rule_default
26-05-21.13:04:39.535 [main            ] INFO  DecisionTreeEngine     - 决策树引擎:规则树,treeNode:tree_lock,code:0000
26-05-21.13:04:39.535 [main            ] INFO  RuleStockLogicTreeNode - 规则过滤-库存扣减 userId:xiaofuge strategyId:100006 awardId:102
26-05-21.13:04:39.796 [main            ] INFO  DecisionTreeEngine     - 决策树引擎:规则树,treeNode:tree_lock,code:0001
26-05-21.13:04:39.796 [main            ] INFO  DecisionTreeEngine     - 决策树引擎:规则树,treeNode:tree_lock,code:0001
26-05-21.13:04:39.797 [main            ] INFO  AbstractRaffleStrategy - 抽奖策略计算-规则树 xiaofuge 100006 101 1,100
26-05-21.13:04:39.900 [main            ] INFO  StrategyAwardTest      - 请求参数：{"strategyId":100006,"userId":"xiaofuge"}
26-05-21.13:04:39.902 [main            ] INFO  StrategyAwardTest      - 测试结果：{"awardId":101}
26-05-21.13:04:39.902 [main            ] INFO  AbstractRaffleStrategy - 执行------------抽奖strategyId:100006,userId:xiaofuge
26-05-21.13:04:39.951 [main            ] INFO  DefaultLogicChain      - 抽奖责任链——默认抽奖模式userId:xiaofuge,strategyId:100006,ruleModel:rule_default
26-05-21.13:04:40.009 [scheduling-1    ] INFO  UpdateAwardStockJob    - 定时任务，更新奖品消耗库存【延迟队列获取，降低对数据库的更新频次，不要产生竞争】
26-05-21.13:04:40.081 [main            ] INFO  AbstractRaffleStrategy - 抽奖策略计算-责任链xiaofuge100006102rule_default
26-05-21.13:04:40.129 [main            ] INFO  DecisionTreeEngine     - 决策树引擎:规则树,treeNode:tree_lock,code:0000
26-05-21.13:04:40.129 [main            ] INFO  RuleStockLogicTreeNode - 规则过滤-库存扣减 userId:xiaofuge strategyId:100006 awardId:102
26-05-21.13:04:40.336 [main            ] INFO  DecisionTreeEngine     - 决策树引擎:规则树,treeNode:tree_lock,code:0001
26-05-21.13:04:40.336 [main            ] INFO  DecisionTreeEngine     - 决策树引擎:规则树,treeNode:tree_lock,code:0001
26-05-21.13:04:40.336 [main            ] INFO  AbstractRaffleStrategy - 抽奖策略计算-规则树 xiaofuge 100006 101 1,100
26-05-21.13:04:40.336 [main            ] INFO  StrategyAwardTest      - 请求参数：{"strategyId":100006,"userId":"xiaofuge"}
26-05-21.13:04:40.336 [main            ] INFO  StrategyAwardTest      - 测试结果：{"awardId":101}
26-05-21.13:04:40.336 [main            ] INFO  AbstractRaffleStrategy - 执行------------抽奖strategyId:100006,userId:xiaofuge
26-05-21.13:04:40.404 [main            ] INFO  DefaultLogicChain      - 抽奖责任链——默认抽奖模式userId:xiaofuge,strategyId:100006,ruleModel:rule_default
26-05-21.13:04:40.501 [main            ] INFO  AbstractRaffleStrategy - 抽奖策略计算-责任链xiaofuge100006102rule_default
26-05-21.13:04:40.578 [main            ] INFO  DecisionTreeEngine     - 决策树引擎:规则树,treeNode:tree_lock,code:0000
26-05-21.13:04:40.578 [main            ] INFO  RuleStockLogicTreeNode - 规则过滤-库存扣减 userId:xiaofuge strategyId:100006 awardId:102
26-05-21.13:04:40.728 [main            ] INFO  DecisionTreeEngine     - 决策树引擎:规则树,treeNode:tree_lock,code:0001
26-05-21.13:04:40.728 [main            ] INFO  DecisionTreeEngine     - 决策树引擎:规则树,treeNode:tree_lock,code:0001
26-05-21.13:04:40.728 [main            ] INFO  AbstractRaffleStrategy - 抽奖策略计算-规则树 xiaofuge 100006 101 1,100
26-05-21.13:04:40.728 [main            ] INFO  StrategyAwardTest      - 请求参数：{"strategyId":100006,"userId":"xiaofuge"}
26-05-21.13:04:40.728 [main            ] INFO  StrategyAwardTest      - 测试结果：{"awardId":101}
26-05-21.13:04:45.010 [scheduling-1    ] INFO  UpdateAwardStockJob    - 定时任务，更新奖品消耗库存【延迟队列获取，降低对数据库的更新频次，不要产生竞争】
26-05-21.13:04:47.104 [SpringApplicationShutdownHook] INFO  HikariDataSource       - HikariPool-1 - Shutdown initiated...
26-05-21.13:04:47.110 [SpringApplicationShutdownHook] INFO  HikariDataSource       - HikariPool-1 - Shutdown completed.
26-05-21.16:26:31.023 [main            ] INFO  StrategyAwardTest      - Starting StrategyAwardTest using Java 17.0.14 on PC-20230922CJSZ with PID 21500 (started by Administrator in C:\Users\Administrator\Desktop\big-market\big-market-app)
26-05-21.16:26:31.024 [main            ] INFO  StrategyAwardTest      - The following 1 profile is active: "dev"
26-05-21.16:26:31.721 [main            ] INFO  RepositoryConfigurationDelegate - Multiple Spring Data modules found, entering strict repository configuration mode
26-05-21.16:26:31.724 [main            ] INFO  RepositoryConfigurationDelegate - Bootstrapping Spring Data Redis repositories in DEFAULT mode.
26-05-21.16:26:31.757 [main            ] INFO  RepositoryConfigurationDelegate - Finished Spring Data repository scanning in 20 ms. Found 0 Redis repository interfaces.
26-05-21.16:26:32.404 [main            ] INFO  Version                - Redisson 3.23.4
26-05-21.16:26:32.736 [redisson-netty-2-4] INFO  MasterPubSubConnectionPool - 1 connections initialized for 117.72.154.166/117.72.154.166:16379
26-05-21.16:26:32.966 [redisson-netty-2-13] INFO  MasterConnectionPool   - 5 connections initialized for 117.72.154.166/117.72.154.166:16379
26-05-21.16:26:34.363 [main            ] WARN  GenericWebApplicationContext - Exception encountered during context initialization - cancelling refresh attempt: org.springframework.beans.factory.BeanCreationException: Error creating bean with name 'requestMappingHandlerMapping' defined in class path resource [org/springframework/boot/autoconfigure/web/servlet/WebMvcAutoConfiguration$EnableWebMvcConfiguration.class]: Invocation of init method failed; nested exception is java.lang.IllegalStateException: Invalid mapping on handler class [cn.tianjiale.trigger.http.RaffleController]: public cn.tianjiale.types.model.Response cn.tianjiale.trigger.http.RaffleController.strategyArmory(java.lang.Long)
26-05-21.16:26:34.433 [main            ] INFO  ConditionEvaluationReportLoggingListener - 

Error starting ApplicationContext. To display the conditions report re-run your application with 'debug' enabled.
26-05-21.16:26:34.457 [main            ] ERROR SpringApplication      - Application run failed
org.springframework.beans.factory.BeanCreationException: Error creating bean with name 'requestMappingHandlerMapping' defined in class path resource [org/springframework/boot/autoconfigure/web/servlet/WebMvcAutoConfiguration$EnableWebMvcConfiguration.class]: Invocation of init method failed; nested exception is java.lang.IllegalStateException: Invalid mapping on handler class [cn.tianjiale.trigger.http.RaffleController]: public cn.tianjiale.types.model.Response cn.tianjiale.trigger.http.RaffleController.strategyArmory(java.lang.Long)
	at org.springframework.beans.factory.support.AbstractAutowireCapableBeanFactory.initializeBean(AbstractAutowireCapableBeanFactory.java:1804)
	at org.springframework.beans.factory.support.AbstractAutowireCapableBeanFactory.doCreateBean(AbstractAutowireCapableBeanFactory.java:620)
	at org.springframework.beans.factory.support.AbstractAutowireCapableBeanFactory.createBean(AbstractAutowireCapableBeanFactory.java:542)
	at org.springframework.beans.factory.support.AbstractBeanFactory.lambda$doGetBean$0(AbstractBeanFactory.java:335)
	at org.springframework.beans.factory.support.DefaultSingletonBeanRegistry.getSingleton(DefaultSingletonBeanRegistry.java:234)
	at org.springframework.beans.factory.support.AbstractBeanFactory.doGetBean(AbstractBeanFactory.java:333)
	at org.springframework.beans.factory.support.AbstractBeanFactory.getBean(AbstractBeanFactory.java:208)
	at org.springframework.beans.factory.support.DefaultListableBeanFactory.preInstantiateSingletons(DefaultListableBeanFactory.java:955)
	at org.springframework.context.support.AbstractApplicationContext.finishBeanFactoryInitialization(AbstractApplicationContext.java:920)
	at org.springframework.context.support.AbstractApplicationContext.refresh(AbstractApplicationContext.java:583)
	at org.springframework.boot.SpringApplication.refresh(SpringApplication.java:731)
	at org.springframework.boot.SpringApplication.refreshContext(SpringApplication.java:408)
	at org.springframework.boot.SpringApplication.run(SpringApplication.java:307)
	at org.springframework.boot.test.context.SpringBootContextLoader.loadContext(SpringBootContextLoader.java:136)
	at org.springframework.test.context.cache.DefaultCacheAwareContextLoaderDelegate.loadContextInternal(DefaultCacheAwareContextLoaderDelegate.java:141)
	at org.springframework.test.context.cache.DefaultCacheAwareContextLoaderDelegate.loadContext(DefaultCacheAwareContextLoaderDelegate.java:90)
	at org.springframework.test.context.support.DefaultTestContext.getApplicationContext(DefaultTestContext.java:124)
	at org.springframework.test.context.web.ServletTestExecutionListener.setUpRequestContextIfNecessary(ServletTestExecutionListener.java:190)
	at org.springframework.test.context.web.ServletTestExecutionListener.prepareTestInstance(ServletTestExecutionListener.java:132)
	at org.springframework.test.context.TestContextManager.prepareTestInstance(TestContextManager.java:248)
	at org.springframework.test.context.junit4.SpringJUnit4ClassRunner.createTest(SpringJUnit4ClassRunner.java:227)
	at org.springframework.test.context.junit4.SpringJUnit4ClassRunner$1.runReflectiveCall(SpringJUnit4ClassRunner.java:289)
	at org.junit.internal.runners.model.ReflectiveCallable.run(ReflectiveCallable.java:12)
	at org.springframework.test.context.junit4.SpringJUnit4ClassRunner.methodBlock(SpringJUnit4ClassRunner.java:291)
	at org.springframework.test.context.junit4.SpringJUnit4ClassRunner.runChild(SpringJUnit4ClassRunner.java:246)
	at org.springframework.test.context.junit4.SpringJUnit4ClassRunner.runChild(SpringJUnit4ClassRunner.java:97)
	at org.junit.runners.ParentRunner$4.run(ParentRunner.java:331)
	at org.junit.runners.ParentRunner$1.schedule(ParentRunner.java:79)
	at org.junit.runners.ParentRunner.runChildren(ParentRunner.java:329)
	at org.junit.runners.ParentRunner.access$100(ParentRunner.java:66)
	at org.junit.runners.ParentRunner$2.evaluate(ParentRunner.java:293)
	at org.springframework.test.context.junit4.statements.RunBeforeTestClassCallbacks.evaluate(RunBeforeTestClassCallbacks.java:61)
	at org.springframework.test.context.junit4.statements.RunAfterTestClassCallbacks.evaluate(RunAfterTestClassCallbacks.java:70)
	at org.junit.runners.ParentRunner$3.evaluate(ParentRunner.java:306)
	at org.junit.runners.ParentRunner.run(ParentRunner.java:413)
	at org.springframework.test.context.junit4.SpringJUnit4ClassRunner.run(SpringJUnit4ClassRunner.java:190)
	at org.junit.runner.JUnitCore.run(JUnitCore.java:137)
	at com.intellij.junit4.JUnit4IdeaTestRunner.startRunnerWithArgs(JUnit4IdeaTestRunner.java:69)
	at com.intellij.rt.junit.IdeaTestRunner$Repeater$1.execute(IdeaTestRunner.java:38)
	at com.intellij.rt.execution.junit.TestsRepeater.repeat(TestsRepeater.java:11)
	at com.intellij.rt.junit.IdeaTestRunner$Repeater.startRunnerWithArgs(IdeaTestRunner.java:35)
	at com.intellij.rt.junit.JUnitStarter.prepareStreamsAndStart(JUnitStarter.java:232)
	at com.intellij.rt.junit.JUnitStarter.main(JUnitStarter.java:55)
Caused by: java.lang.IllegalStateException: Invalid mapping on handler class [cn.tianjiale.trigger.http.RaffleController]: public cn.tianjiale.types.model.Response cn.tianjiale.trigger.http.RaffleController.strategyArmory(java.lang.Long)
	at org.springframework.web.servlet.handler.AbstractHandlerMethodMapping.lambda$detectHandlerMethods$1(AbstractHandlerMethodMapping.java:288)
	at org.springframework.core.MethodIntrospector.lambda$selectMethods$0(MethodIntrospector.java:74)
	at org.springframework.util.ReflectionUtils.doWithMethods(ReflectionUtils.java:367)
	at org.springframework.core.MethodIntrospector.selectMethods(MethodIntrospector.java:72)
	at org.springframework.web.servlet.handler.AbstractHandlerMethodMapping.detectHandlerMethods(AbstractHandlerMethodMapping.java:281)
	at org.springframework.web.servlet.handler.AbstractHandlerMethodMapping.processCandidateBean(AbstractHandlerMethodMapping.java:266)
	at org.springframework.web.servlet.handler.AbstractHandlerMethodMapping.initHandlerMethods(AbstractHandlerMethodMapping.java:225)
	at org.springframework.web.servlet.handler.AbstractHandlerMethodMapping.afterPropertiesSet(AbstractHandlerMethodMapping.java:213)
	at org.springframework.web.servlet.mvc.method.annotation.RequestMappingHandlerMapping.afterPropertiesSet(RequestMappingHandlerMapping.java:205)
	at org.springframework.beans.factory.support.AbstractAutowireCapableBeanFactory.invokeInitMethods(AbstractAutowireCapableBeanFactory.java:1863)
	at org.springframework.beans.factory.support.AbstractAutowireCapableBeanFactory.initializeBean(AbstractAutowireCapableBeanFactory.java:1800)
	... 42 common frames omitted
Caused by: java.lang.IllegalArgumentException: Could not resolve placeholder 'app.config.api-version' in value "/api/${app.config.api-version}/raffle/"
	at org.springframework.util.PropertyPlaceholderHelper.parseStringValue(PropertyPlaceholderHelper.java:180)
	at org.springframework.util.PropertyPlaceholderHelper.replacePlaceholders(PropertyPlaceholderHelper.java:126)
	at org.springframework.core.env.AbstractPropertyResolver.doResolvePlaceholders(AbstractPropertyResolver.java:239)
	at org.springframework.core.env.AbstractPropertyResolver.resolveRequiredPlaceholders(AbstractPropertyResolver.java:210)
	at org.springframework.context.support.PropertySourcesPlaceholderConfigurer.lambda$processProperties$0(PropertySourcesPlaceholderConfigurer.java:191)
	at org.springframework.beans.factory.support.AbstractBeanFactory.resolveEmbeddedValue(AbstractBeanFactory.java:936)
	at org.springframework.beans.factory.config.EmbeddedValueResolver.resolveStringValue(EmbeddedValueResolver.java:54)
	at org.springframework.web.servlet.mvc.method.annotation.RequestMappingHandlerMapping.resolveEmbeddedValuesInPatterns(RequestMappingHandlerMapping.java:393)
	at org.springframework.web.servlet.mvc.method.annotation.RequestMappingHandlerMapping.createRequestMappingInfo(RequestMappingHandlerMapping.java:369)
	at org.springframework.web.servlet.mvc.method.annotation.RequestMappingHandlerMapping.createRequestMappingInfo(RequestMappingHandlerMapping.java:324)
	at org.springframework.web.servlet.mvc.method.annotation.RequestMappingHandlerMapping.getMappingForMethod(RequestMappingHandlerMapping.java:286)
	at org.springframework.web.servlet.mvc.method.annotation.RequestMappingHandlerMapping.getMappingForMethod(RequestMappingHandlerMapping.java:76)
	at org.springframework.web.servlet.handler.AbstractHandlerMethodMapping.lambda$detectHandlerMethods$1(AbstractHandlerMethodMapping.java:284)
	... 52 common frames omitted
26-05-21.16:26:34.458 [main            ] ERROR TestContextManager     - Caught exception while allowing TestExecutionListener [org.springframework.test.context.web.ServletTestExecutionListener@2b40ff9c] to prepare test instance [cn.tianjiale.test.domain.StrategyAwardTest@5f9a8ddc]
java.lang.IllegalStateException: Failed to load ApplicationContext
	at org.springframework.test.context.cache.DefaultCacheAwareContextLoaderDelegate.loadContext(DefaultCacheAwareContextLoaderDelegate.java:98)
	at org.springframework.test.context.support.DefaultTestContext.getApplicationContext(DefaultTestContext.java:124)
	at org.springframework.test.context.web.ServletTestExecutionListener.setUpRequestContextIfNecessary(ServletTestExecutionListener.java:190)
	at org.springframework.test.context.web.ServletTestExecutionListener.prepareTestInstance(ServletTestExecutionListener.java:132)
	at org.springframework.test.context.TestContextManager.prepareTestInstance(TestContextManager.java:248)
	at org.springframework.test.context.junit4.SpringJUnit4ClassRunner.createTest(SpringJUnit4ClassRunner.java:227)
	at org.springframework.test.context.junit4.SpringJUnit4ClassRunner$1.runReflectiveCall(SpringJUnit4ClassRunner.java:289)
	at org.junit.internal.runners.model.ReflectiveCallable.run(ReflectiveCallable.java:12)
	at org.springframework.test.context.junit4.SpringJUnit4ClassRunner.methodBlock(SpringJUnit4ClassRunner.java:291)
	at org.springframework.test.context.junit4.SpringJUnit4ClassRunner.runChild(SpringJUnit4ClassRunner.java:246)
	at org.springframework.test.context.junit4.SpringJUnit4ClassRunner.runChild(SpringJUnit4ClassRunner.java:97)
	at org.junit.runners.ParentRunner$4.run(ParentRunner.java:331)
	at org.junit.runners.ParentRunner$1.schedule(ParentRunner.java:79)
	at org.junit.runners.ParentRunner.runChildren(ParentRunner.java:329)
	at org.junit.runners.ParentRunner.access$100(ParentRunner.java:66)
	at org.junit.runners.ParentRunner$2.evaluate(ParentRunner.java:293)
	at org.springframework.test.context.junit4.statements.RunBeforeTestClassCallbacks.evaluate(RunBeforeTestClassCallbacks.java:61)
	at org.springframework.test.context.junit4.statements.RunAfterTestClassCallbacks.evaluate(RunAfterTestClassCallbacks.java:70)
	at org.junit.runners.ParentRunner$3.evaluate(ParentRunner.java:306)
	at org.junit.runners.ParentRunner.run(ParentRunner.java:413)
	at org.springframework.test.context.junit4.SpringJUnit4ClassRunner.run(SpringJUnit4ClassRunner.java:190)
	at org.junit.runner.JUnitCore.run(JUnitCore.java:137)
	at com.intellij.junit4.JUnit4IdeaTestRunner.startRunnerWithArgs(JUnit4IdeaTestRunner.java:69)
	at com.intellij.rt.junit.IdeaTestRunner$Repeater$1.execute(IdeaTestRunner.java:38)
	at com.intellij.rt.execution.junit.TestsRepeater.repeat(TestsRepeater.java:11)
	at com.intellij.rt.junit.IdeaTestRunner$Repeater.startRunnerWithArgs(IdeaTestRunner.java:35)
	at com.intellij.rt.junit.JUnitStarter.prepareStreamsAndStart(JUnitStarter.java:232)
	at com.intellij.rt.junit.JUnitStarter.main(JUnitStarter.java:55)
Caused by: org.springframework.beans.factory.BeanCreationException: Error creating bean with name 'requestMappingHandlerMapping' defined in class path resource [org/springframework/boot/autoconfigure/web/servlet/WebMvcAutoConfiguration$EnableWebMvcConfiguration.class]: Invocation of init method failed; nested exception is java.lang.IllegalStateException: Invalid mapping on handler class [cn.tianjiale.trigger.http.RaffleController]: public cn.tianjiale.types.model.Response cn.tianjiale.trigger.http.RaffleController.strategyArmory(java.lang.Long)
	at org.springframework.beans.factory.support.AbstractAutowireCapableBeanFactory.initializeBean(AbstractAutowireCapableBeanFactory.java:1804)
	at org.springframework.beans.factory.support.AbstractAutowireCapableBeanFactory.doCreateBean(AbstractAutowireCapableBeanFactory.java:620)
	at org.springframework.beans.factory.support.AbstractAutowireCapableBeanFactory.createBean(AbstractAutowireCapableBeanFactory.java:542)
	at org.springframework.beans.factory.support.AbstractBeanFactory.lambda$doGetBean$0(AbstractBeanFactory.java:335)
	at org.springframework.beans.factory.support.DefaultSingletonBeanRegistry.getSingleton(DefaultSingletonBeanRegistry.java:234)
	at org.springframework.beans.factory.support.AbstractBeanFactory.doGetBean(AbstractBeanFactory.java:333)
	at org.springframework.beans.factory.support.AbstractBeanFactory.getBean(AbstractBeanFactory.java:208)
	at org.springframework.beans.factory.support.DefaultListableBeanFactory.preInstantiateSingletons(DefaultListableBeanFactory.java:955)
	at org.springframework.context.support.AbstractApplicationContext.finishBeanFactoryInitialization(AbstractApplicationContext.java:920)
	at org.springframework.context.support.AbstractApplicationContext.refresh(AbstractApplicationContext.java:583)
	at org.springframework.boot.SpringApplication.refresh(SpringApplication.java:731)
	at org.springframework.boot.SpringApplication.refreshContext(SpringApplication.java:408)
	at org.springframework.boot.SpringApplication.run(SpringApplication.java:307)
	at org.springframework.boot.test.context.SpringBootContextLoader.loadContext(SpringBootContextLoader.java:136)
	at org.springframework.test.context.cache.DefaultCacheAwareContextLoaderDelegate.loadContextInternal(DefaultCacheAwareContextLoaderDelegate.java:141)
	at org.springframework.test.context.cache.DefaultCacheAwareContextLoaderDelegate.loadContext(DefaultCacheAwareContextLoaderDelegate.java:90)
	... 27 common frames omitted
Caused by: java.lang.IllegalStateException: Invalid mapping on handler class [cn.tianjiale.trigger.http.RaffleController]: public cn.tianjiale.types.model.Response cn.tianjiale.trigger.http.RaffleController.strategyArmory(java.lang.Long)
	at org.springframework.web.servlet.handler.AbstractHandlerMethodMapping.lambda$detectHandlerMethods$1(AbstractHandlerMethodMapping.java:288)
	at org.springframework.core.MethodIntrospector.lambda$selectMethods$0(MethodIntrospector.java:74)
	at org.springframework.util.ReflectionUtils.doWithMethods(ReflectionUtils.java:367)
	at org.springframework.core.MethodIntrospector.selectMethods(MethodIntrospector.java:72)
	at org.springframework.web.servlet.handler.AbstractHandlerMethodMapping.detectHandlerMethods(AbstractHandlerMethodMapping.java:281)
	at org.springframework.web.servlet.handler.AbstractHandlerMethodMapping.processCandidateBean(AbstractHandlerMethodMapping.java:266)
	at org.springframework.web.servlet.handler.AbstractHandlerMethodMapping.initHandlerMethods(AbstractHandlerMethodMapping.java:225)
	at org.springframework.web.servlet.handler.AbstractHandlerMethodMapping.afterPropertiesSet(AbstractHandlerMethodMapping.java:213)
	at org.springframework.web.servlet.mvc.method.annotation.RequestMappingHandlerMapping.afterPropertiesSet(RequestMappingHandlerMapping.java:205)
	at org.springframework.beans.factory.support.AbstractAutowireCapableBeanFactory.invokeInitMethods(AbstractAutowireCapableBeanFactory.java:1863)
	at org.springframework.beans.factory.support.AbstractAutowireCapableBeanFactory.initializeBean(AbstractAutowireCapableBeanFactory.java:1800)
	... 42 common frames omitted
Caused by: java.lang.IllegalArgumentException: Could not resolve placeholder 'app.config.api-version' in value "/api/${app.config.api-version}/raffle/"
	at org.springframework.util.PropertyPlaceholderHelper.parseStringValue(PropertyPlaceholderHelper.java:180)
	at org.springframework.util.PropertyPlaceholderHelper.replacePlaceholders(PropertyPlaceholderHelper.java:126)
	at org.springframework.core.env.AbstractPropertyResolver.doResolvePlaceholders(AbstractPropertyResolver.java:239)
	at org.springframework.core.env.AbstractPropertyResolver.resolveRequiredPlaceholders(AbstractPropertyResolver.java:210)
	at org.springframework.context.support.PropertySourcesPlaceholderConfigurer.lambda$processProperties$0(PropertySourcesPlaceholderConfigurer.java:191)
	at org.springframework.beans.factory.support.AbstractBeanFactory.resolveEmbeddedValue(AbstractBeanFactory.java:936)
	at org.springframework.beans.factory.config.EmbeddedValueResolver.resolveStringValue(EmbeddedValueResolver.java:54)
	at org.springframework.web.servlet.mvc.method.annotation.RequestMappingHandlerMapping.resolveEmbeddedValuesInPatterns(RequestMappingHandlerMapping.java:393)
	at org.springframework.web.servlet.mvc.method.annotation.RequestMappingHandlerMapping.createRequestMappingInfo(RequestMappingHandlerMapping.java:369)
	at org.springframework.web.servlet.mvc.method.annotation.RequestMappingHandlerMapping.createRequestMappingInfo(RequestMappingHandlerMapping.java:324)
	at org.springframework.web.servlet.mvc.method.annotation.RequestMappingHandlerMapping.getMappingForMethod(RequestMappingHandlerMapping.java:286)
	at org.springframework.web.servlet.mvc.method.annotation.RequestMappingHandlerMapping.getMappingForMethod(RequestMappingHandlerMapping.java:76)
	at org.springframework.web.servlet.handler.AbstractHandlerMethodMapping.lambda$detectHandlerMethods$1(AbstractHandlerMethodMapping.java:284)
	... 52 common frames omitted
26-05-21.16:30:04.363 [main            ] INFO  StrategyAwardTest      - Starting StrategyAwardTest using Java 17.0.14 on PC-20230922CJSZ with PID 5108 (started by Administrator in C:\Users\Administrator\Desktop\big-market\big-market-app)
26-05-21.16:30:04.364 [main            ] INFO  StrategyAwardTest      - The following 1 profile is active: "dev"
26-05-21.16:30:05.024 [main            ] INFO  RepositoryConfigurationDelegate - Multiple Spring Data modules found, entering strict repository configuration mode
26-05-21.16:30:05.027 [main            ] INFO  RepositoryConfigurationDelegate - Bootstrapping Spring Data Redis repositories in DEFAULT mode.
26-05-21.16:30:05.055 [main            ] INFO  RepositoryConfigurationDelegate - Finished Spring Data repository scanning in 17 ms. Found 0 Redis repository interfaces.
26-05-21.16:30:05.661 [main            ] INFO  Version                - Redisson 3.23.4
26-05-21.16:30:05.945 [redisson-netty-2-4] INFO  MasterPubSubConnectionPool - 1 connections initialized for 117.72.154.166/117.72.154.166:16379
26-05-21.16:30:06.174 [redisson-netty-2-13] INFO  MasterConnectionPool   - 5 connections initialized for 117.72.154.166/117.72.154.166:16379
26-05-21.16:30:08.540 [main            ] INFO  EndpointLinksResolver  - Exposing 1 endpoint(s) beneath base path '/actuator'
26-05-21.16:30:08.619 [main            ] INFO  StrategyAwardTest      - Started StrategyAwardTest in 4.544 seconds (JVM running for 5.164)
26-05-21.16:30:09.192 [main            ] INFO  HikariDataSource       - HikariPool-1 - Starting...
26-05-21.16:30:09.476 [main            ] INFO  HikariDataSource       - HikariPool-1 - Start completed.
26-05-21.16:30:10.013 [scheduling-1    ] INFO  UpdateAwardStockJob    - 定时任务，更新奖品消耗库存【延迟队列获取，降低对数据库的更新频次，不要产生竞争】
26-05-21.16:30:10.430 [main            ] INFO  StrategyAwardTest      - 测试结果：true
26-05-21.16:30:11.016 [main            ] INFO  StrategyAwardTest      - 测试结果：true
26-05-21.16:30:11.018 [main            ] INFO  AbstractRaffleStrategy - 执行------------抽奖strategyId:100006,userId:xiaofuge
26-05-21.16:30:11.047 [main            ] INFO  DefaultLogicChain      - 抽奖责任链——默认抽奖模式userId:xiaofuge,strategyId:100006,ruleModel:rule_default
26-05-21.16:30:11.105 [main            ] INFO  AbstractRaffleStrategy - 抽奖策略计算-责任链xiaofuge100006107rule_default
26-05-21.16:30:11.172 [main            ] INFO  DecisionTreeEngine     - 决策树引擎:规则树,treeNode:tree_lock_1,code:0000
26-05-21.16:30:11.172 [main            ] INFO  RuleStockLogicTreeNode - 规则过滤-库存扣减 userId:xiaofuge strategyId:100006 awardId:107
26-05-21.16:30:11.310 [main            ] INFO  DecisionTreeEngine     - 决策树引擎:规则树,treeNode:tree_lock_1,code:0001
26-05-21.16:30:11.310 [main            ] INFO  AbstractRaffleStrategy - 抽奖策略计算-规则树 xiaofuge 100006 107 
26-05-21.16:30:11.503 [main            ] INFO  StrategyAwardTest      - 请求参数：{"strategyId":100006,"userId":"xiaofuge"}
26-05-21.16:30:11.506 [main            ] INFO  StrategyAwardTest      - 测试结果：{"awardConfig":"","awardId":107,"sort":"7"}
26-05-21.16:30:11.506 [main            ] INFO  AbstractRaffleStrategy - 执行------------抽奖strategyId:100006,userId:xiaofuge
26-05-21.16:30:11.541 [main            ] INFO  DefaultLogicChain      - 抽奖责任链——默认抽奖模式userId:xiaofuge,strategyId:100006,ruleModel:rule_default
26-05-21.16:30:11.599 [main            ] INFO  AbstractRaffleStrategy - 抽奖策略计算-责任链xiaofuge100006106rule_default
26-05-21.16:30:11.633 [main            ] INFO  DecisionTreeEngine     - 决策树引擎:规则树,treeNode:tree_lock_1,code:0000
26-05-21.16:30:11.634 [main            ] INFO  RuleStockLogicTreeNode - 规则过滤-库存扣减 userId:xiaofuge strategyId:100006 awardId:106
26-05-21.16:30:11.720 [main            ] INFO  DecisionTreeEngine     - 决策树引擎:规则树,treeNode:tree_lock_1,code:0001
26-05-21.16:30:11.720 [main            ] INFO  AbstractRaffleStrategy - 抽奖策略计算-规则树 xiaofuge 100006 106 
26-05-21.16:30:11.773 [main            ] INFO  StrategyAwardTest      - 请求参数：{"strategyId":100006,"userId":"xiaofuge"}
26-05-21.16:30:11.774 [main            ] INFO  StrategyAwardTest      - 测试结果：{"awardConfig":"","awardId":106,"sort":"6"}
26-05-21.16:30:11.774 [main            ] INFO  AbstractRaffleStrategy - 执行------------抽奖strategyId:100006,userId:xiaofuge
26-05-21.16:30:11.799 [main            ] INFO  DefaultLogicChain      - 抽奖责任链——默认抽奖模式userId:xiaofuge,strategyId:100006,ruleModel:rule_default
26-05-21.16:30:11.852 [main            ] INFO  AbstractRaffleStrategy - 抽奖策略计算-责任链xiaofuge100006102rule_default
26-05-21.16:30:11.910 [main            ] INFO  RuleStockLogicTreeNode - 规则过滤-库存扣减 userId:xiaofuge strategyId:100006 awardId:102
26-05-21.16:30:12.011 [main            ] INFO  DecisionTreeEngine     - 决策树引擎:规则树-兜底奖励,treeNode:tree_luck_award,code:0001
26-05-21.16:30:12.011 [main            ] INFO  AbstractRaffleStrategy - 抽奖策略计算-规则树 xiaofuge 100006 102 
26-05-21.16:30:12.067 [main            ] INFO  StrategyAwardTest      - 请求参数：{"strategyId":100006,"userId":"xiaofuge"}
26-05-21.16:30:12.068 [main            ] INFO  StrategyAwardTest      - 测试结果：{"awardConfig":"","awardId":102,"sort":"2"}
26-05-21.16:30:15.012 [scheduling-1    ] INFO  UpdateAwardStockJob    - 定时任务，更新奖品消耗库存【延迟队列获取，降低对数据库的更新频次，不要产生竞争】
26-05-21.16:30:20.006 [scheduling-1    ] INFO  UpdateAwardStockJob    - 定时任务，更新奖品消耗库存【延迟队列获取，降低对数据库的更新频次，不要产生竞争】
26-05-21.16:30:23.122 [SpringApplicationShutdownHook] INFO  HikariDataSource       - HikariPool-1 - Shutdown initiated...
26-05-21.16:30:23.128 [SpringApplicationShutdownHook] INFO  HikariDataSource       - HikariPool-1 - Shutdown completed.
26-05-21.16:44:01.960 [main            ] INFO  StrategyAwardTest      - Starting StrategyAwardTest using Java 17.0.14 on PC-20230922CJSZ with PID 10380 (started by Administrator in C:\Users\Administrator\Desktop\big-market\big-market-app)
26-05-21.16:44:01.961 [main            ] INFO  StrategyAwardTest      - The following 1 profile is active: "dev"
26-05-21.16:44:02.589 [main            ] INFO  RepositoryConfigurationDelegate - Multiple Spring Data modules found, entering strict repository configuration mode
26-05-21.16:44:02.592 [main            ] INFO  RepositoryConfigurationDelegate - Bootstrapping Spring Data Redis repositories in DEFAULT mode.
26-05-21.16:44:02.617 [main            ] INFO  RepositoryConfigurationDelegate - Finished Spring Data repository scanning in 14 ms. Found 0 Redis repository interfaces.
26-05-21.16:44:03.195 [main            ] INFO  Version                - Redisson 3.23.4
26-05-21.16:44:03.492 [redisson-netty-2-4] INFO  MasterPubSubConnectionPool - 1 connections initialized for 117.72.154.166/117.72.154.166:16379
26-05-21.16:44:03.708 [redisson-netty-2-13] INFO  MasterConnectionPool   - 5 connections initialized for 117.72.154.166/117.72.154.166:16379
26-05-21.16:44:06.286 [main            ] INFO  EndpointLinksResolver  - Exposing 1 endpoint(s) beneath base path '/actuator'
26-05-21.16:44:06.367 [main            ] INFO  StrategyAwardTest      - Started StrategyAwardTest in 4.755 seconds (JVM running for 5.756)
26-05-21.16:44:06.788 [main            ] INFO  HikariDataSource       - HikariPool-1 - Starting...
26-05-21.16:44:06.985 [main            ] INFO  HikariDataSource       - HikariPool-1 - Start completed.
26-05-21.16:44:08.122 [main            ] INFO  StrategyAwardTest      - 测试结果：true
26-05-21.16:44:08.677 [main            ] INFO  StrategyAwardTest      - 测试结果：true
26-05-21.16:44:08.679 [main            ] INFO  AbstractRaffleStrategy - 执行------------抽奖strategyId:100006,userId:xiaofuge
26-05-21.16:44:08.707 [main            ] INFO  DefaultLogicChain      - 抽奖责任链——默认抽奖模式userId:xiaofuge,strategyId:100006,ruleModel:rule_default
26-05-21.16:44:08.762 [main            ] INFO  AbstractRaffleStrategy - 抽奖策略计算-责任链xiaofuge100006106rule_default
26-05-21.16:44:08.833 [main            ] INFO  DecisionTreeEngine     - 决策树引擎:规则树,treeNode:tree_lock_1,code:0000
26-05-21.16:44:08.834 [main            ] INFO  RuleStockLogicTreeNode - 规则过滤-库存扣减 userId:xiaofuge strategyId:100006 awardId:106
26-05-21.16:44:08.954 [main            ] INFO  DecisionTreeEngine     - 决策树引擎:规则树,treeNode:tree_lock_1,code:0001
26-05-21.16:44:08.954 [main            ] INFO  AbstractRaffleStrategy - 抽奖策略计算-规则树 xiaofuge 100006 106 
26-05-21.16:44:09.080 [main            ] INFO  StrategyAwardTest      - 请求参数：{"strategyId":100006,"userId":"xiaofuge"}
26-05-21.16:44:09.083 [main            ] INFO  StrategyAwardTest      - 测试结果：{"awardConfig":"","awardId":106,"sort":"6"}
26-05-21.16:44:09.083 [main            ] INFO  AbstractRaffleStrategy - 执行------------抽奖strategyId:100006,userId:xiaofuge
26-05-21.16:44:09.110 [main            ] INFO  DefaultLogicChain      - 抽奖责任链——默认抽奖模式userId:xiaofuge,strategyId:100006,ruleModel:rule_default
26-05-21.16:44:09.160 [main            ] INFO  AbstractRaffleStrategy - 抽奖策略计算-责任链xiaofuge100006106rule_default
26-05-21.16:44:09.186 [main            ] INFO  DecisionTreeEngine     - 决策树引擎:规则树,treeNode:tree_lock_1,code:0000
26-05-21.16:44:09.186 [main            ] INFO  RuleStockLogicTreeNode - 规则过滤-库存扣减 userId:xiaofuge strategyId:100006 awardId:106
26-05-21.16:44:09.265 [main            ] INFO  DecisionTreeEngine     - 决策树引擎:规则树,treeNode:tree_lock_1,code:0001
26-05-21.16:44:09.265 [main            ] INFO  AbstractRaffleStrategy - 抽奖策略计算-规则树 xiaofuge 100006 106 
26-05-21.16:44:09.293 [main            ] INFO  StrategyAwardTest      - 请求参数：{"strategyId":100006,"userId":"xiaofuge"}
26-05-21.16:44:09.294 [main            ] INFO  StrategyAwardTest      - 测试结果：{"awardConfig":"","awardId":106,"sort":"6"}
26-05-21.16:44:09.294 [main            ] INFO  AbstractRaffleStrategy - 执行------------抽奖strategyId:100006,userId:xiaofuge
26-05-21.16:44:09.316 [main            ] INFO  DefaultLogicChain      - 抽奖责任链——默认抽奖模式userId:xiaofuge,strategyId:100006,ruleModel:rule_default
26-05-21.16:44:09.367 [main            ] INFO  AbstractRaffleStrategy - 抽奖策略计算-责任链xiaofuge100006101rule_default
26-05-21.16:44:09.427 [main            ] INFO  RuleStockLogicTreeNode - 规则过滤-库存扣减 userId:xiaofuge strategyId:100006 awardId:101
26-05-21.16:44:09.503 [main            ] INFO  DecisionTreeEngine     - 决策树引擎:规则树-兜底奖励,treeNode:tree_luck_award,code:0001
26-05-21.16:44:09.503 [main            ] INFO  AbstractRaffleStrategy - 抽奖策略计算-规则树 xiaofuge 100006 101 
26-05-21.16:44:09.559 [main            ] INFO  StrategyAwardTest      - 请求参数：{"strategyId":100006,"userId":"xiaofuge"}
26-05-21.16:44:09.559 [main            ] INFO  StrategyAwardTest      - 测试结果：{"awardConfig":"","awardId":101,"sort":"1"}
26-05-21.16:44:09.760 [SpringApplicationShutdownHook] INFO  HikariDataSource       - HikariPool-1 - Shutdown initiated...
26-05-21.16:44:09.766 [SpringApplicationShutdownHook] INFO  HikariDataSource       - HikariPool-1 - Shutdown completed.
